// Jest Snapshot v1, https://goo.gl/fbAQLP

exports[`Login page testing Snapshot test after login created 1`] = `undefined`;
